         .-----------------,      .---------------,
         | Grymwood Forest |      | Charted by    |
         `-----------------'      | A Smith, 1013 |
                                  `---------------'
                     GO
         .--, .--,--TRAIL-->.--,                           .-----------,
         |FT|-|  |          |  |                           | The Swamp |
         `--' `--'<--WEST---`--'                           `-----------'
          |                                                     .--, .--,
         .--, .--, .--,                                         |CE|-|  |
         |  |-|  |-|BY|                                         `--' `--'
         `--' `--' `--'                                        / |  / |
                    |^                                     .--, .--, .--,
              GO    ||                                     |PO|-|HI|-|DI|
            CREVICE || NORTH                               `--' `--' `--'
                    V|                                    / |  / |  \ |
                   .--,                               .--, .--, .--, .--,
                   |  |                       GO CRACK|  | |GT|-|  |-|TB|
                   `--'                     .--,      `--' `--' `--' `--'
                    |                       |GR|       |       \    /  ^
                   .--, .--, .--, .--, GO   `--'       |       |    \  |
                   |RO| |  |-|  |-|GE| CREVICE         |       |     \ /
                   `--' `--' `--' `--'                 |       |      X
                    |    |       / |                   |       |     / \_
                   .--, .--, .--, .--,  .--,           |       \    /    \
                   |  | |ST| |RS| |BA|->|  |          .--, .--, .--,      .--,
          GO       `--' `--' `--' `--'  `--'          |  |-|BO|-|RP|      |  |
         HOLE     /         /      |   JUMP STREAM    `--' `--' `--'      `--'
          TO  .--, .--, .--, .--, .--,  .--,           |         |         |
         ENTER|MT| |GT| |  | |CO|-|BE|  |  |           v        .--,      .--,
         TREE `--' `--' `--' `--' `--'  `--'          .--,      |  |      |FS|
               |    |  / |    |    |     |            |QU|      `--'      `--'
              .--, .--, .--, .--, .--,  .--,          `--'          \      |
              |PL|-|  | |  |-|PA| |  |--|  |                         .--, .--,
              `--' `--' `--' `--' `--'  `--'                         |  |-|CO|
                  / |    |                                           `--' `--'
              .--, .--, .--,
              |EN| |MY| |OT|
              `--' `--' `--'
               |    |  /          E
              .--, .--,      .--, l
              |  | |  |      |BR| t             GE = Glade End
              `--' `--'      `--' i             GR = Grotto
                  \           |   n R           GT = Gnarled Tree
                   .--, CLIMB.--, m i           HI = Hill (GO OPENING to reach
                   |  | PATH |EF| a v                Swamp Cave on page 2)
                   `--'      `--' r e           MT = Matriarch Tree
                                    r           MY = Mayten Trees
                                                OT = Oak Tree
        BA = Burned Area (Tower)                PA = Path to the Deep Forest
        BE = Berry Bushes                       PL = Rubber Plants
        BO = 3 Boulders                         PO = Pond
        BR = Bridge                             QU = Quagmire (CLIMB VINE)
        BY = Boneyard                           RO = Rock Slide
        CE = Crater's Edge                      RP = Reflecting Pool
        CO = Sage (sometimes)                   RS = Ring of Stones
        DI = Dingy                              ST = Statue of Aelfen Maiden
        EF = Ebby's Ferry                            (KISS THRICE TO ENTER
        EN = Grymwood Entrance                       THE TURTLE TUNNELS)
        FS = Flat Stone                         TB = Tree with a Boot in it
        FT = Fallen Tree





         .-------------------,                     .--,        .---------------,
         | INSIDE SWAMP CAVE |                     |RQ|        | Charted by    |
         `-------------------'                     `--'        | A Smith, 1014 |
                                                GO 2  GO 3     `---------------'
                                                DOOR  DOOR
        CR = Crypt                    .--, GO 1 .--------, GO 6 .--,
        CT = Carline's Tomb           |IC| DOOR |HALLWAY | DOOR |TB|
        IC = Just Inside the Cave     `--'      `--------'      `--'
             (PASSWORD = 'SHALTOS')   GO        GO 4  GO 5      GO SECRET
        RQ = Reaver's Quarters        OPENING   DOOR  DOOR      DOOR
        SH = Shrine (LIGHT CANDLE     TO REACH  .--,  .--,      .--,
             to summon the demons)    SWAMP     |SH|  |CR|      |CT|
        TB = Tomb                     HILL      `--'  `--'      `--'
        ------------------------------------------------------------------------
        .----------------,   .--,                         BA = Basement
        | MATRIARCH TREE |   |TT|                         BR = Bedroom
        `----------------'   `--'                         BU = Bunnies
                          GO  |^ CLIMB                    HA = Hallway
                         HOLE v| HANDHOLD                 LA = Landing
        .---------------,    .--,                         NU = Nursery
        | Charted by    |    |ST|                         ST = Stairway
        | A Smith, 1014 |    `--'                         TT = Tree Top
        `---------------'   UP^vDN
                             .--,<------OUT----<---
                             |LA|                  \
             GO OPENING      `--'->-GO PASSAGE---   \
             TO GO BACK     UP^vDN               \  |
             OUTSIDE         .--,                |  ^
                   .--,  GO  |ST|                v  |
                   |  | PASS `--'      .--,      .--,      .--,
                   `--'                |BR|------|HA|------|NU|
               GO   |^                 `--'      `--'      `--'
            CREVICE v| UP
                   .--,                .--,
                   |BA|<----- OUT -----|BU|
                   `--'-- GO CREVICE ->`--'
        ------------------------------------------------------------------------
        .-------------, .---------------,
        | DEEP FOREST | | Charted by    |                       GO PATH
        `-------------' | A Smith, 1016 |                       TO/FROM
              .--,      `---------------'                       GRYMWOOD
              |R1|                     .--,                .--, .--,
              `--'     ________        |B2|                |  |-|  |
             / |  \   /        \       `--'                `--' `--'
            /  |   \  v        |           \              /
        .--,  .--,  .--,  .--, /.--,  .--,  .--, .--, .--,
        |  |<-|  |  |B1|->|  |> |  |--|  |--|  |-|PO|-|  |
        `--'  `--'  `--'  `--'<-`--'  `--'  `--' `--' `--'
         |              \        |   /                    \
         |               \       |   |      Bx = Branches  .--,
        .--,  .--,  .--,  .--,  .--,< .--,  CL = Clearing  |CL|
        |T2|--|  |--|  |--|  |--|R2|--|  |  HO = Hole      `--'
        `--'  `--'  `--'  `--'  `--'  `--'  PO = Pond       GO
         |   /       |     |  \   |  /      Rx = Roots     HOLE
         |  /        |     |   \  | /       Tx = Trees     .--,
        .--,        .--,  .--,  .--,                       |HO|
        |  |        |  |--|T1|--|  |                       `--'
        `--'        `--'  `--'  `--'








