                             .-------------,      .---------------,
                             | Deep Realms |      | Charted by    |
          FROM THE           | Page 1 of 6 |      | A Smith, 1015 |
          CREVICE            `-------------'      `---------------'
          ON THE
          SHARTAN
          LADDER
          .--,           .--,
          |ST| GO STREAM |WF| GO STREAM_
          `--'           `--'           \
                         CLIMB        W | | O    When you follow the stream
                        CREVICE       A | | N    over the waterfall, you
                         (45%)        T | | E    will take either 112 or
        Percentages      .--,         E | |      225 points of damage.  If
        indicate the     |LD|         R | | W    you are of a race prone to
        chance of not    `--'         F | | A    bleeding, it is likely that
        falling with     CLIMB        A | | Y    this fall will initiate it.
        no training      VINE         L | V
        in the art of    (38%)        L /
        climbing.        .--,      ____/
                         |NK|     /
                         `--'    /
                         CLIMB  /
                         WALL  /
                         (31%)/                             GO SHELF
                         .--,/     .--,                     HERE TO 
               GO POOL   |PO|  GO  |  |                     REACH THE
               TAKES YOU `--' ARCH `--'                     CAVES ON
               TO INNER             GO                      PAGE 2
               SEA MINES           HOLE                      .--,
                                   .--,                      |  |
                                   |  |                      `--'
                                   `--'                       ^ CLIMB LEDGE
          .------------------,    UP^vDN                      | (ONE WAY)
          | GEOTHERMAL CAVES |     .--,                 .--, .--,
          `------------------'     |0 |                 |7 |-|BA|
                                   `--'                 `--' `--'
        BA =  Blood of Andor           \  3  .   2  5  /      DON'T
        LD =  Ledge beneath Crevice     .---,     .---,       JUMP
        NK =  Nook beneath Ledge       .| 1 |-----| 2 |.
        PO =  Subterranean Pool         `---'     `---'     CLIMBING the ledge
        ST =  Stream                   1  .  6   .  .  .    at the Blood of
        WF =  Waterfall                                     Andor requires at
                                                            least 1 rank of
                                       .  .  3   3  .  6    climbing skill.
        THE passages between the        .---,     .---,
        the rooms labeled 0 & 1,       .| 3 |.   4| 4 |4    ANYONE with that
        1 & 2, and 2 & 7 provide        `---'     `---'     much skill has a
        the direct route to the        3  5  1   .  5  .    chance to lead a 
        volcanic crevice known                              group up the ledge.
        as the Blood of Andor.
                                       .  5  5   5  6  .    IF the climber is
        FROM time to time, this         .---,     .---,     not skillful enough,
        route will be blocked by       4| 5 |.   .| 6 |4    (less than 6 ranks),
        geysers.  These geysers         `---'     `---'     then it is possible
        usually sputter out after      .  6  .   1  6  .    that the climber
        only a few minutes.                                 will fall to his
                                                            death.








        .-------------,           GO DOOR
        | Deep Realms |           TO REACH   .--,
        | Page 2 of 6 |           THE CITY OF|  |
        `-------------'           KRAGENHOLM `--'
          .---------------,                   GO
          | Charted by    |                  WALL
          | A Smith, 1015 |             .--, .--,
          `---------------'             |RV|-|DC|
                                        `--' `--'
                   .----------------,    |    |
                   | Volcanic Caves |   .--, .--,
                   `----------------'   |  | |  |
                                        `--' `--'
        AFTER                          /    /
        GOING  .--, .--, .--,  GO  .--,    /
        UP THE |SH|-|NB|-|  | OPEN |  |   /
        SHELF  `--' `--' `--'      `--'  /
        ON                              /
        PAGE 1                         /
                                      /           GO HOLE
                         .--,        /            TO REACH
                         |WL|       /             THE FUNGAL
                         `--'      /              JUNGLE
                          |       /               .--,      .---------------,
                         .--, .--,                |  |      | Crystal Caves |
                         |  |-|BF|                `--'      `---------------'
                         `--' `--'                 |
                               ^  \               .--,
          .-----------------,  |   .--, .--,      |  |GO PASSAGE
          | CLIMB COLUMN    | /    |  |-|  |      `--'    FALLS TO:
          | TO REACH THE    |/     `--' `--'\      |             .--, .--,
          | GORGALASK LAIR  |               GO     v CLI RUB     |MF|-|SL|
          | ON PAGE 3 (BASE |               CHUTE  ^ GO PASS     `--' `--'
          | 25% CHANCE OF   |                    \ |                      \
          | SUCCESS WITHOUT |      .--, .--,      .--, .--, .--,           .--,
          | CLIMBING SKILL) |      |  |-|  | GO 2 |CF|-|CC| |CF|           |RF|
          `-----------------'      `--' `--' PASS `--' `--' `--'           `--'
                                    |                 \ |  \ |              |
                                   .--, .--,      .--, .--, .--,  GO  .--, .--,
        BF = Blue Fungus           |YC|-|YF|      |MS|-|HS| |  | PASS |  |-|  |
        BH = Black Crystal Hand    `--' `--'      `--' `--' `--'      `--' `--'
        BK = Belly of the Khargest                      GO                  GO
        CA = Crystal Catherdral                        PASS                PASS
        CC = Crystal Chandelier                           \                .--,
        CF = Crystal Formations                            ------------    |CA|
        DC = Decayed Chest                                             \   `--'
        HM = Hall of Mirrors           .---------------,                GO  |
        HS = Hall of Shards            | The Temple of |    .--, .--,  PASS.--,
        IP = Infested Pillars          | The Khargest  |    |  |-|HM|      |PI|
        MF = Musical Formations        `---------------'    `--' `--'      `--'
        MS = More Shards                                        \           |
        NB = Natural Bridge                  .--, .--,      .--, .--,      .--,
        PI = Unobtrusive Pillars             |TK|-|  |  GO  |BH|-|  |  GO  |IP|
        PK = Pit of the Khargest             `--' `--' PASS `--' `--' PASS `--'
        RF = Red Formations                GO ARCH
        RV = Randar Vein                     .--,
        SH = Rocky Shelf                     |PK|
        SL = Slippery Floor                  `--'
        TK = Temple of the Khargest         GO PIT
        WL = Well                            .--,
        YC = Yellow Crystals                 |BK|GO DOWN OR GO HOLE TO REACH
        YF = Yellow Formations               `--'THE HALL OF BONES ON PAGE 5




        .-------------,
        | Deep Realms |            .--,  GO  .--, GO 1 .--, GO 2 .--,  GO  .--,
        | Page 3 of 6 |            |  | CURT |  | DOOR |  | DOOR |  | CURT |  |
        `-------------'            `--'      `--'      `--'      `--'      `--'
          .---------------,                            CLIMB
          | Charted by    |                            STAIR
          | A Smith, 1015 |   .--,           .--,      .--,
          `---------------'   |LC|           |BS|      |TV|
                              `--'           `--'      `--'
          .------------,     /                GO        GO
          | Kragenholm | .--, Lore           DOOR      DOOR      GO DOOR TO
          `------------' |LL| Masters        .--, .--, .--, .--, ENTER THE
                         `--'                |  |-|  |-|  |-|EN| VOLCANIC
                        / GO \               `--' `--' `--' `--' CAVES
                    .--, OPEN .--,            |
                    |LE| .--, |LN|           .--,      .--, .--,
                    `--' |  | `--'           |  |  GO  |HL|-|HT|
                         `--'                `--' DOOR `--' `--'
                             \              /
                    .--,      .--,      .--,      .--, .--,
                    |JW|  GO  |  |      |  |  GO  |AP|-|AL|
                    `--' DOOR `--'      `--' DOOR `--' `--'
                               GO \    /
                              GATE .--,
                              .--, |  |
                              |WM| `--'     ------------------------------------
                              `--'  GO      |                        .---------,
                                   DOOR     |     .--,  GO  .--,     | Selketh |
                                   .--,     |     |CO| ARCH |GM|     | Burial  |
          AL = Alchemy supplies    |BF|     |     `--'      `--'     | Mounds  |
          AP = Apothecary          `--'     |      |         |       `---------'
          BF = Bowyer/Fletcher              |     .--,      .--,
          BS = Blacksmith                   |     |CS|      |SC|
          EN = Entrance to Kragenholm       |     `--'      `--'
          HL = Healers, Training            |                   \
          HT = Healers, Treatment Room      |                    .--, .--,
          JW = Jeweler                      |                    |BM|-|BM|
          LC = Loremasters, Conjuration     |                    `--' `--'
          LE = Loremasters, Enchantment     |                   /
          LL = Loremasters, Lobby           |               .--,
          LN = Loremasters, Necromancy      |               |AL|
          TV = Tavern                       |               `--'
          WM = Weaponmaster's Yard          |                GO
                                            |               PASS
        -------------------------------------               .--, .-----------,
                                                            |  | | Gorgalask |
                    AL = Altar                              `--' | Lair      |
                    BM = Burial Mounds                       |   `-----------'
                    CO = Corpses                       .--, .--,
                    CS = Large Corpse on Slab          |EG|-|  |
                    EG = Gorgalask Eggs                `--' `--'
                    GM = Great Mound                            \     GO HOLE TO
                    SC = Skull Cave                              .--, ENTER THE
                                                                 |  | VOLCANIC
                                                                 `--' CAVES











        .-------------,  .---------------,       |
        | Deep Realms |  | Charted by    |       |.--------,    JUMP GAP
        | Page 4 of 6 |  | A Smith, 1015 |       || Fungal |    HERE TO
        `-------------'  `---------------'       || Jungle |    REACH
                                                 || Canopy |    LEDGE
        .--------,                               |`--------'     .--,
        | Fungal |      JUMP GAP                 |               |  |
        | Jungle |      TO REACH                 |               `--'
        `--------'      CANOPY                   |          ____/ |
               .--,      .--,     .--,           |         /     .--,
               |  |------|LD|-----|  |           |     .--,      |WB|
               `--'      `--'     `--'           |     |  |      `--'
                        UP^vDN                   |     `--'     / |  \
                    .--, .--,      .--,          |      |  \   /  |   \
                    |  |-|  |      |  |          |      |   \ /   |    \
                    `--' `--'      `--'          |     .--,  X    |     \
                   /         \    /    \         |     |  | / \   |      \
                   |          .--, .--, .--,     |     `--' |  \  |       \
                   |          |  |-|  |-|  |     |      |   /   \ |        \
                   |          `--' `--' `--'     |      |  /     .--,       .--,
                   /                   \ |       |      | /      |  |-------|  |
               .--,                     .--,     |      |/       `--'       `--'
               |MU|      GO HOLE TO     |  |     |      ||  ____/
               `--'      REACH THE      `--'     |      |V /
                |  \     CRYSTAL       /         |     .--,
                |   \    CAVES.--, .--,          |     |  |
                |    \    --->|  |-|LM|  GO      |     `--'
                |    |        `--' `--' HOLE     |         \
                |    v         |        .--,     |          .--,
               .--, .--, .--, .--,      |IM|     |          |RW|
               |  |-|  |-|  |-|  |      `--'     |          `--'
               `--' `--' `--' `--'               |
              /      | GO      | GO              -------------------------------
          .--,       v WATER   v WATER
          |  |      .--,      .--,           IM = Inside Mushroom
          `--'      |  |      |LA|           IS = Tomb of Lady Rhadthys
           |        `--'      `--'           LA = Lake
          .--,     / |         |             LD = Ledge
          |MH|<---- .--, .--, .--,           LM = Large Mushroom
          `--'      |  |-|  |-|WA|           MH = Mud Hole
          GO HOLE   `--' `--' `--'           MU = Mushroom Patch
          TO REACH             |             RW = Sound of Running Water
          THE MUD PIT         .--,           WA = Water so cold it hurts
          ON PAGE 5           |IS|           WB = Webs
                              `--'





















        .-------------,                                         FROM THE
        | Deep Realms |                                         BELLY OF
        | Page 5 of 6 |                     FROM THE            THE KHARGEST
        `-------------'                     MUD HOLE             .--,
        .---------------,                   IN THE               |HB|
        | Charted by    |                   FUNGAL               `--'
        | A Smith, 1015 |                   JUNGLE              UP^VDN
        `---------------'                    .--,      .--,      .--,
                                             |MP|------|  |------|  |
                                             `--'      `--'      `--'
                                             | GO       | GO
                                             v TUNNEL   v CREV
                              .--,           .--,      .--,           .--,
                              |  |GO OPENING |BO|------|BO|GO OPENING |  |
                              `--'           `--'      `--'           `--'
                             D |^  P        GO RIVER                 UP^VDN
                             O || GA        TO INNER                  .--,
                             W || OS        SEA MINES                 |  |
                             N v|  S                                  `--'
          .--,      .--,      .--,                                   UP^VDN
          |  |  GO  |  |  GO  |  |                          .--,      .--,
          `--'TUNNEL`--'STREAM`--'               GO POOL    |IN|      |VG|
         C ^  _________________________          INTO THE   `--'      `--'
        GR | /                         \         REALM OF    GO        GO
        OE | |                         |         CALUMRA    OPEN  GO   GATE
         V v v                         |          .--,  GO  .--, PATH .--,
          .--, .--, .--,      .--,     |          |PO| PATH |CH|<-----|MO|
          |  |-|  |-|  |------|  |     |          `--'      `--'----->`--'
          `--' `--' `--'      `--'     |
           |         |         |       |          .----------------,
          .--,      .--,      .--,     |          | Gurkan Village |
          |  |      |  |      |  |     |          `----------------'
          `--'      `--'      `--'     |
           |         |       GO OPEN   |      ----------------------------------
          .--, .--, .--,__    .--,     |      |
          |  |>|AL|>|  |  \   |  |OUT__/      |   AL = Altar Room
          `--' `--' `--'  |   `--'            |   BO = Boulder
                 ^        |                   |   CH = Chartuukow
                 |        |                   |   ED = Elkyri Door
                 \________/                   |   FO = The Focus
          .--------------------------,        |   GA = Gate to the surface
          | Phosphorescent Catacombs |        |   IN = Instadtoo
          `--------------------------'        |   MK = Ming K'Tuk
                                              |   MO = Moiya
        Note: The Phosphorescent Catacombs    |   MP = Mud Pit
        shown above have a disorienting       |   PO = Pool
        effect on your sense of direction.    |   VG = Village Gate
                                              |   WW = Well of Worlds
                                              |
          CLIMB                         .--,  |
          STAIR                         |WW|  |
          TO ALTAR                      `--'  |
          ROOM                         /      |
          .--,      .--,  GO  .--, .--,       |
          |ED|  GO  |MK| PASS |  |-|FO|       |
          `--' DOOR `--'      `--' `--'       |
                                       \      |
          .--------------------,        .--,  |
          | Lair of Ming K'Tuk |        |GA|  |
          `--------------------'        `--'  |






        .-------------,  .---------------,  |.---------------,
        | Deep Realms |  | Charted by    |  || Submarine Pen |
        | Page 6 of 6 |  | A Smith, 1015 |  |`---------------'
        `-------------'  `---------------'  |
                                            |     .--,  GO  .--,  GO  .--,
          .--,      GO SHORE  .--, FROM THE |     |QT| OPEN |CO| DOOR |  |
          |CR|      TO GURKAN |PB| POOL ON  |     `--'      `--'      `--'
          `--'      VILLAGE ON`--' PAGE 5   |                          GO
           GO       PAGE 5     |            |               .--,      OPEN
          DOOR                .--,          |               |  | DN-> .--,
          .--, .-----------,  |  |          |               `--' <-UP |SB|
          |  | | Calumra's |  `--'          |                |        `--'
          `--' | Realm     |   |^ GO        |    GO DOOR    .--,
           |   `-----------'   v| TUNNEL    |    TO REACH   |  |
          .--,                .--,          |    D1 ON      `--'
          |BL|                |  |          |    THIS      /
          `--'                `--'          |    PAGE     /
           GO                 CLIMB         |    .--,    /       .--,
          DOOR                STAIR         |    |D2|   /        |  | GO OPENING
          .--,  GO  .--,      .--,      .--,|    `--'  /         `--' TO REACH
          |  | OPEN |  |------|  |------|  ||   UP^vDN/         /     UNDERWATER
          `--'      `--'      `--'      `--'|     .--,      .--,      FARMS ON
          O^|GO     O^|GO     O^|GO         |     |  |------|  |      THIS PAGE
          U||WATER  U||WATER  U||WATER      |     `--'      `--'
          T|v       T|v       T|v           |-----------------------------------
          .--,  GO  .--,      .--,          |    BL = Building
          |  | OPEN |  |------|  |          |    CO = Corridor in Submarine
          `--'      `--'      `--'          |    CR = Control Room
         UP^vDN    UP^vDN    UP^vDN         |    D1 = Outside Double Doors
          .--,  GO  .--,      .--,          |    D2 = Inside Double Doors
          |W1| OPEN |  |------|W2|          |    IS = Inside Shed
          `--'      `--'      `--'          |    PB = Pool Bottom
                     GO                     |    QT = Quarters in Submarine
                   TUNNEL                   |    SB = Outside Submarine
                    .--,                    |    SH = Outside Shed
                    |D1| GO DOOR TO REACH   |    ST = Statue of Calumra
                    `--' D2 ON THIS PAGE    |    Wx = Wheels
        ------------------------------------------------------------------------
        .------------------,    ___.--,
        | Underwater Farms |   /   |**|DOWN_           .*-,  GO  .--,
        `------------------'   |   `--'     \          |  | HOLE |  |
                               |    ^        \         `--'      `--'
                               \    |         \       /          GO LIGHT TO
                         .--,   -->.--,       |   .*-,           REACH THE
                         |  |----->|  |       |   |  |           ROCKY TRAIL
                         `--'      `--'       |   `--'           ON THE SHORE
                        UP^vDN    UP^vDN      v  / |             OF THE INNER
                         .--,      .--, .*-, .*-, .*-,           SEA
                         |  |  GO  |  |-|  |-|  |-|  |
                         `--' PATH `--' `--' `--' `--'     * = UP FROM ANY
                   GO HOLE v                \ |    |           OF THESE ROOMS
               CLIMB STAIR ^                 .*-, .*-,         LEADS TO THE
                         .--,                |  |-|  |         ROOM MARKED **
                         |ST|                `--' `--'
                         `--'                         \
                        GO OPENING TO                  .*-,      .--,
                        REACH THE SUB                  |SH|  GO  |IS|
                        PEN ON THIS PAGE               `--' DOOR `--'








