          .---------------,
          | The Inner Sea |
          | Mines/Caverns |
          `---------------'
          .---------------,
          | Charted by    |            GO ENTRANCE TO REACH
          | A Smith, 1014 |   .--, .--,THE RUSTY ANCHOR ON THE
          `---------------'   |  |-|  |SHORE AT THE INNER SEA
                              `--' `--'
                             UP^vDN
                    .--, .--, .--,               GO JAWS
                    |  |-|  |-|  |      .--, .--, ---> .--,
                    `--' `--' `--'      |LG|-|JA| <--- |  |
                     GO                 `--' `--' OUT  `--'
                    HOLE                 |    |
                    .--,                .--, .--, .--, .--, .--,
                    |  |                |FG|-|MG|-|  |-|  |-|WC|
                    `--'                `--' `--' `--' `--' `--'
                        \              /                      JUMP
                         .--, .--, .--,                       CHASM
                         |HS|-|  |-|CS|                IF YOU    .--,  GO  .--,
                         `--' `--' `--'                MAKE THE  |EC| OPEN |CF|
                               |                       JUMP:     `--'      `--'
                              .--,                                         GO |
                              |WP|                                       HOLE v
                              `--'                                      CLIMB ^
                             CLIMB                     IF YOU          LADDER |
                             BRIDGE                    DON'T     .--,      .--,
                              .--,                     MAKE THE  |LD|  GO  |CH|
                              |DR|                     JUMP:     `--' CRACK`--'
                              `--'
                               |
                              .--,
                              |  |           CF =  Crystal Fountain
                              `--'                 (Drink water --> +25 Agility)
                               |             CH =  Large Metal Chest
                              .--,                 ( 2 Trap Lore: 5% to disarm)
               .--,           |  |                 ( 16 Lockpicking: 5% to pick)
               |  |           `--'           CS =  Cold Spring
               `--'        GO  |^ North      DA =  Beaver Dam
                   \       DAM v|                  (Search: Hole to Lair)
                    .--,      .--,           DR =  Exit from Deep Realms
                    |LA| GO   |DA|                 (Where the stream arrives)
                    `--' HOLE `--'           EC =  East Chasm
                   /           |             FG =  Fungal Garden
          .--, .--,           .--,           HS =  Hot Spring
          |  |-|  |           |TR|           JA =  Jaws
          `--' `--'           `--'           LA =  Cave Beaver Lair
                                             LD =  Ledge
                                             LG =  Lilac Garden
                                                   (Search: Lavender Lichen)
                                             MG =  Mushroom Garden
                                             TR =  Terminus
                                             WC =  West Chasm
                                             WP =  Warm Pool











