*--*  10/15/96  -  8:40:10 AM  *--*
l
l
[Main Street, Gatehouse]
Here is where the hustle and bustle of the city moves towards the wilderness 
outside.  West of here lies the bazaar where a lot of the cities commerce 
takes place, the street between here and there is almost always chaotic.  
Looming to the east is the newly built inner gate of the massive gatehouse.
You see a trader. 
Obvious exits: west.
> w
w
[Main Street]
This bustling area near the city gate is where the recently constructed
street of Ferumbras' Folly joins with Main Street.  Various merchants and
visitors pass by going both in and out under the watchful eye of the
Lawkeeps, Crimson Band and the Royal Guards.
Obvious exits: south, east, west.
> w

A trader arrives.
> w
[Main Street]
This wide street cuts directly from the bazaar to the city gates. People flow 
back and forth between the two, some clad in flashy finery, others in 
utilitarian work clothes and a few in rags and tatters. As the opposite moving
throngs side step and slow up to avoid each other, little currents and eddies 
form in the stream of people.
Obvious exits: east, west.
> w
w
[Main Street]
Bazaar-bound throngs of people start craning their heads here in a mostly
futile attempt to see where their needed vendor is located on this day.
Those beings moving towards the gate concentrate on dodging the ones not
paying attention heading the other way.
Obvious exits: east, west.
> w
w
[Bazaar East]
This is the eastern most edge of the bazaar. Here a variety of street 
merchants, with wares both mundane and fantastic, set up their booths daily in
an attempt to make a living. At the corner stands run-down yet cozy inn know 
as the the Sojourner's Hospice. A door leads in.
Obvious exits: north, south, east, west, northwest, southwest.
> w
w
This is here because I am trying to tack on THIS (wooden) Adjective[Bazaar
Center]
The center of the bazaar bustles with activity. From the sizzle of roast 
mutton on spits, to the cries of hawkers there is almost too much for the 
senses to absorb. Apart from the interruption of merchants offering you their
wares, one might spend an enjoyable afternoon here. Many street performers, 
from jugglers to minstrels, amuse the crowds gathered near a large marble 
fountain.
A wooden bin is here.
Obvious exits: north, south, east, west, northeast, northwest, southeast,
southwest.
> w
w
[Bazaar West]
The Armorer's Guild makes an impressive showing with row upon row of weapons 
and armor on display. The guild buys old and damaged weapons and melts them 
down to make new ones. They manage to make use of a surprising variety of 
items bought from local adventurers. You can look up prices and inventory from
a manuscript on the table. Main Street continues to the west behind the
stalls.
Obvious exits: north, south, east, west, northeast, southeast.
> w
w
[Main Street]
Obvious exits: east, west.
> 
A lawkeeper arrives.
> w
w
[Main Street]
You can hear the bustle of the bazaar and the cries of hawkers from the east.
Heading west from here will put you deeper into the city. Trash from a number
of upturned refuse bins litters the street here.
Obvious exits: east, west.
> w
w
[Main Street]
Obvious exits: east, west.
> w
w
[Main Street]
At this point on Main Street, you find yourself midway between the Bazaar and 
Fayd's downtown commercial district. Large gray buildings loom all around you 
and throngs of people swarm back and forth on important business. The scene 
gives you the sense of being small and insignificant among so many.
Obvious exits: south, east, west.
> w
w
[Main Street]
Obvious exits: east, west.
> w
w
[Main Street]
Here stands the majestic stone building that houses City Hall. A stone 
stairway curves up to its entrance between two ancient statues, one marble and
one bronze.
Obvious exits: east, west.
> w
w
[Main Street]
Obvious exits: east, west.
> w
w
[Main Street & Elm]
Main Street runs east and west here, intersecting the northern bound Elm 
Street. On the south side of Main is a truly ancient building: a tower that is
taller than any other in the city. It reaches up into the sky like a needle. 
Known as the Tower of Silver Arcana, it headquarters the order of the same 
name. An opening in its side allows entry within. There is a plaque affixed 
above it.
Obvious exits: north, east, west.
> w
w
[Main Street]
Obvious exits: east, west.
> w
w
[Kai's Corner]
This busy intersection was recently expanded to allow for higher traffic.
Main Street used to end here, but has been extended to go further west.
A short ways down the street, you can see the twin towers that guard
the palace gate.  Main Street runs east and west of here, Commerce Street
begins here and leads southwest while Pleasant Street moves south.  A
platinum plaque adorns the side of the newly constructed Royal Barracks.
Obvious exits: south, east, west, southwest.
> w
w
[Main Street]
This newly built road leads between Kai's Corner and the palace.  The
cobbles are freshly laid and tightly packed.  Several buildings are in
construction here, but you can see the newly finished Royal Barracks
on the north side of the street slightly east of here.
Obvious exits: east, west.
> w
w
[Main Street]
Obvious exits: east, west.
> w
w
[Main Street]
North and south of the road, twin towers guard the road to the palace.  A
huge double gate waits to swing shut to protect the Royal Family should the
need arise.  You see at least a dozen alert soldiers from both the Royal
Guard and the Crimson Band.  Overhead, you notice that there is a bridge
between the towers some fifteen feet over the street.
Obvious exits: east, west.
> w
w
[Main Street]
A two story building on the south side of the street seems to have quite a
few Crimson Band and Royal Guard soldiers hanging outside as well as coming
and going.  Just to the east, twin guard towers rise above the buildings.
Obvious exits: east, west.
> w
w
[Main Street]
Beautiful new three story residences here are the rave of the city.  There
three of them along the street, two on the north, one of the south.  Various
scribes and runners are lurking around the entrances to all three of the
buildings, as if they know the inhabitants might need them.   
Obvious exits: east, west.
> w
w
[Main Street]
Just outside the gate of the Palace, most of the traffic here are people
of the court.  Pages, courtiers and nobles alike are scurrying around,
each on their own agenda.  On the south side of the street is a newly
finished building.  The building is a magnificent stone edifice of stately
grace.  Banners from the building flaunt royal blue fields with a tiger's
paw on them.  Two pairs of Royal Guards flank the stone arch that leads to
the interior.  Another two pair stand at the base of the stone steps that
rise to the arch.
Obvious exits: east, west.
> w
w
[Main Street]
You stand before the grand splendor of the new Palace Gates.  The walls
supporting them are taller than they were as well, and flanking towers
stand higher than the walls.  The length of Main Street extends east
all the way to the gate.  
Obvious exits: east.
> e
e
[Main Street]
Just outside the gate of the Palace, most of the traffic here are people
of the court.  Pages, courtiers and nobles alike are scurrying around,
each on their own agenda.  On the south side of the street is a newly
finished building.  The building is a magnificent stone edifice of stately
grace.  Banners from the building flaunt royal blue fields with a tiger's
paw on them.  Two pairs of Royal Guards flank the stone arch that leads to
the interior.  Another two pair stand at the base of the stone steps that
rise to the arch.
Obvious exits: east, west.
> e
e
[Main Street]
Beautiful new three story residences here are the rave of the city.  There
three of them along the street, two on the north, one of the south.  Various
scribes and runners are lurking around the entrances to all three of the
buildings, as if they know the inhabitants might need them.   
Obvious exits: east, west.
> e
e
[Main Street]
A two story building on the south side of the street seems to have quite a
few Crimson Band and Royal Guard soldiers hanging outside as well as coming
and going.  Just to the east, twin guard towers rise above the buildings.
Obvious exits: east, west.
> e
e
[Main Street]
North and south of the road, twin towers guard the road to the palace.  A
huge double gate waits to swing shut to protect the Royal Family should the
need arise.  You see at least a dozen alert soldiers from both the Royal
Guard and the Crimson Band.  Overhead, you notice that there is a bridge
between the towers some fifteen feet over the street.
Obvious exits: east, west.
> e
e
[Main Street]
Obvious exits: east, west.
> e
e
[Main Street]
This newly built road leads between Kai's Corner and the palace.  The
cobbles are freshly laid and tightly packed.  Several buildings are in
construction here, but you can see the newly finished Royal Barracks
on the north side of the street slightly east of here.
Obvious exits: east, west.
> e
e
[Kai's Corner]
This busy intersection was recently expanded to allow for higher traffic.
Main Street used to end here, but has been extended to go further west.
A short ways down the street, you can see the twin towers that guard
the palace gate.  Main Street runs east and west of here, Commerce Street
begins here and leads southwest while Pleasant Street moves south.  A
platinum plaque adorns the side of the newly constructed Royal Barracks.
Obvious exits: south, east, west, southwest.
> s
s
[Pleasant Street]
Obvious exits: north, south.
> s
s
[Pleasant Street]
The Bank of Fayd stands on the west side of the street. This imposing 
structure looks much like a small keep. It has large defensive turrets at its
corners, from which guards keep a vigilant watch. An iron double door allows 
entry. To the north, Pleasant Street intersects with Main Street.
Obvious exits: north, south.
> s
s
[Pleasant Street]
Obvious exits: north, south.
> s
s
[Pleasant Street]
Wood and brick are the main component of the homes here. Smaller than those to
the south they nevertheless well tended and comfortable looking. A small shop 
on the eastern side of the street has a sign above the door on which a key has
been painted.
Obvious exits: north, south.
> s
s
[Pleasant Street]
Obvious exits: north, south.
> s
s
[Broadway & Pleasant]
Pleasant Street connects from the north with Broadway. From here the street 
appears to live up to its name. There are numerous small homes and shops in 
that direction. A few children chase each other around the small trees that 
line the road.
Obvious exits: north, east, west.
> w
w
[Broadway]
Obvious exits: east, west.
> w
w
[Broadway]
A few building intersperse with the mostly vacant lots here. Just off the side
of the road, someone has constructed a dwelling from an old paper box.
Obvious exits: east, west.
> w
w
[Broadway]
Obvious exits: east, west.
> w
w
[Broadway]
An iron gate separates the street from a formidable, four-towered citadel. 
Built upon granite blocks and stout oak beams, it is obvious that it could 
withstand a siege of many months. The street continues away from it to the 
east and west.
Obvious exits: east, west.
> w
w
[Broadway]
Obvious exits: east, west.
> w
w
[Broadway]
Broadway stops here. To the west, you can see the backs of warehouses and 
other old buildings, but there is no way to access them from this side. 
Various debris has been piled or blown into this cul-de-sac, making it 
apparent that few if any civil servants worry with the upkeep of the city.
Obvious exits: east.
> e
ee

[Broadway]
Obvious exits: east, west.
> e
e[Broadway]
An iron gate separates the street from a formidable, four-towered citadel. 
Built upon granite blocks and stout oak beams, it is obvious that it could 
withstand a siege of many months. The street continues away from it to the 
east and west.
Obvious exits: east, west.
> 
e
[Broadway]
Obvious exits: east, west.
> e
e
[Broadway]
A few building intersperse with the mostly vacant lots here. Just off the side
of the road, someone has constructed a dwelling from an old paper box.
Obvious exits: east, west.
> e
e
[Broadway]
Obvious exits: east, west.
> e
e
[Broadway & Pleasant]
Pleasant Street connects from the north with Broadway. From here the street 
appears to live up to its name. There are numerous small homes and shops in 
that direction. A few children chase each other around the small trees that 
line the road.
Obvious exits: north, east, west.
> e
e
[Broadway]
Obvious exits: east, west.
> e
e
[Broadway]
The buildings becomes more dense towards the west. Broadway continues past 
some warehouses on the south. A few workers, perhaps on a break, joke and 
laugh with each other then quickly become quiet as a better dressed man comes
around the corner of the warehouse.
Obvious exits: north, east, west.
> e
e
[Broadway]
Obvious exits: north, east, west.
> e
e
[Broadway]
The street continues past a modest shop which does robust business for its 
size. You rub a circle of grime off the window and peer in; you get a glimpse 
of bottle-filled shelves and a display of cooling beverages. A sign hangs
above
the front door. Through a stone gate on the opposite side of the street you
can
see a crowded front yard and cottage-like building. A name has been carefully 
carved into the gate.
Obvious exits: east, west.
> e
e
[Broadway]
Obvious exits: north, east, west.
> e
e
[Broadway]
Obvious exits: east, west.
> e
e
[Broadway & Church]
Broadway is intersected by beginning of Church Street which continues north. 
One easily recognizes the wide variety of religious ornamentation worn by 
travellers going that way. It is the location of the majority of Fayd's 
temples. You can hear vociferous theological debates even from here.
Obvious exits: north, east, west.
> e
e
[Broadway]
Just off Church Street, but far enough away from the poor quarter to be 
considered decent, many of Fayd's merchant citizens have made their homes. 
Rows of spartan town houses line the street. As you pass, the various sounds 
and smells of domesticity compete for your attention: the cry of an infant, 
the whisk of a broom and the snoring of the elderly.
Obvious exits: east, west.
> e
e
[Broadway]
Obvious exits: east, west.
> e
e
This is here because I am trying to tack on THIS (wooden) Adjective[Broadway]
Broadway winds by a rubble pile to the south. Glancing over the rubble you see
the Poor Quarter, its hovels and ruined buildings emanating despair.        
A wooden bin is here.
Obvious exits: west, northeast.
> ne
ne
[Broadway]
Obvious exits: north, southwest.
> n
n
[Broadway]
There is little traffic here as the street curves, changing from a north-south
into an east-west flow. You can still hear the bustle of the bazaar off in the
north. Nondescript gray buildings line the street on both sides. The few trees
here do an admirable job of brightening up this drab scene.
Obvious exits: north, south.
> n
n
[Broadway]
Obvious exits: north, south.
> n
n
[Broadway]
The street, a mixture of dirt, pebbles and an ancient black substance, 
continues past the stone building housing the Library of Fayd. A stone 
stairway leads up to the entrance.
Obvious exits: north, south.
> n
n
[Broadway]
Obvious exits: north, south.
> n
n
[Bazaar South]
Market stalls are cleared away from the south side of the bazaar to make way 
for people flooding back and forth from Broadway, which works south from here.
Obvious exits: north, south, east, west, northeast, northwest.
> n
n
This is here because I am trying to tack on THIS (wooden) Adjective[Bazaar
Center]
The center of the bazaar bustles with activity. From the sizzle of roast 
mutton on spits, to the cries of hawkers there is almost too much for the 
senses to absorb. Apart from the interruption of merchants offering you their
wares, one might spend an enjoyable afternoon here. Many street performers, 
from jugglers to minstrels, amuse the crowds gathered near a large marble 
fountain.
A wooden bin is here.
Obvious exits: north, south, east, west, northeast, northwest, southeast,
southwest.
> n
n
[Bazaar North]
Burly men and stout rugged highlanders make their way in and out of a 
weatherbeaten wooden building. Above a wide door a new sign hangs from new two
penny nails.
Obvious exits: south, east, west, southeast, southwest.
> w
w
[Bazaar Northwest]
Grand Avenue, leaving behind its suburban flower boxes, winds into the bazaar
from the north, fetching you up by the cracked dome-shaped structure
previously owned by CyberTech, Ltd. In their labor to recover those arts
known to humankind before the Cataclysm, expert craft technological implants
to improve or replace natural parts of the anatomy for those who can afford
them. An opening in the remains of the building allows entry.
Obvious exits: north, south, east, southeast.
> n
n
[Grand Avenue]
Going north on Grand will put you into an area one of Fayd's many business 
neighborhoods, where small shops and a few residences are located. South is 
the Bazaar the focal point of city life.                                    
Obvious exits: north, south.
> n
n
[Grand Avenue]
Obvious exits: north, south.
> n
n
[Grand Avenue & First]
An ultra modern shimmering steel building faces the intersection of Grand 
Avenue and First Street from the west. Above its metal door an inscription 
indicates the structure to be Technologists Hall.
Obvious exits: north, south, west.
> n
n
[Grand Avenue]
Obvious exits: north, south.
> n
n
[Grand Avenue]
A carved sign in the likeness of a golden thimble hangs above the door of a
stately shop. Passers-by pause to look in the door of the shop, where a
mannequin dons the latest in Faydish fashion. Across the street you
notice the glint of metal from an opening between two buildings.
Obvious exits: north, south.
> n
n
[Grand Avenue]
Grand Avenue ends here. Looking west down Park Avenue, you see rows of trees
and rioting flowers. Their pleasant hues invite you to take a respite and
rest among them. An ivory white tower leans against the city's walls. Hadan
Kentarus Avenue has begun to make its way northwest of here.
Obvious exits: south, west, northwest.
> nw
nw
[Hadan Kentarus Avenue]
Hadan Kentarus Avenue begins here, the partially completed walkway has been
made from various triangularly cut stones with smaller pebbles filling the
space between them. Over an open doorway, a wooden sign proudly reads,
"The Scrivener's". Opposite it, a wrought iron fence surrounds what appears
to be a sidewalk cafe, to which a decorated arch provides entrance. Next
to the doorway, a gate leads into a small wooden building.
Obvious exits: northwest, southeast.
> .
.
[Hadan Kentarus Avenue]
The walkway ends abruptly here, giving way to a path of newly leveled ground.
Grass-covered rubble lies before you, slowly being turned to road by the
city's workers. To the side, a noisy shopped filled with exotic animals has
cropped up.
Obvious exits: southeast.
> se
se
[Hadan Kentarus Avenue]
Hadan Kentarus Avenue begins here, the partially completed walkway has been
made from various triangularly cut stones with smaller pebbles filling the
space between them. Over an open doorway, a wooden sign proudly reads,
"The Scrivener's". Opposite it, a wrought iron fence surrounds what appears
to be a sidewalk cafe, to which a decorated arch provides entrance. Next
to the doorway, a gate leads into a small wooden building.
Obvious exits: northwest, southeast.
> se
se
[Grand Avenue]
Grand Avenue ends here. Looking west down Park Avenue, you see rows of trees
and rioting flowers. Their pleasant hues invite you to take a respite and
rest among them. An ivory white tower leans against the city's walls. Hadan
Kentarus Avenue has begun to make its way northwest of here.
Obvious exits: south, west, northwest.
> w
w
[Park Avenue]
Trim hedges, backed by groves of rosewood and oak, border the street. The
smell of new-mown grass tickles your nose. Most people consider the park one of
the
most inviting parts of Fayd and have built their residences here. One of the
more eccentric residents has constucted a doorless tower as a home.
Obvious exits: east, west.
> w
w
[Park Avenue]
Rows of violets and roses grow by the side of the road. Grape vines have 
nearly overtaken a quaint gazebo just off to the north. One may enter the 
gazebo through a wooden arch. By the side of the road, a small flower stand 
has been set up. A sign displays the prices of the different flowers for sale.
A little path leads off towards some bleachers across the grass.
Obvious exits: east, west.
> w
w
[Park Ave]
The beautiful park which gives Park Avenue it's name, surrounds you. A pair
of retired adventurers feed a few pigeons from a nearby park bench. Beyond
the bench, you see a group of children taking advantage of the park's many 
trees to play a game of goblin hunt.
Obvious exits: east, west.
> w
w
[Park Avenue]
The park itself, beginning to green up, lies off to the east. To the west,
Park Avenue leads into the aristocratic neighborhoods. A huge marble building
looms over you, bearing an sign with tastefully engraved script reading,
"Randolphs." A modest oaken building lies opposite the jewelry store.
Obvious exits: east, west.
> w
w
[Park Avenue & Elm]
Heading west on Park the trappings of wealth become progressively more 
evident. Elm Intersects Park here, which heads south toward less well to-do 
areas.
Obvious exits: south, east, west.
> w
w
[Park Avenue]
From beyond a large window, a large calico cat follows your progress along
Park Avenue. As you pass one beautiful home after another, the cat continues 
to gaze at you. When the cat notices you staring back, it suddenly seems to
lose interest in you and begins to clean itself.
Obvious exits: east, southwest.
> sw
sw
[Park Avenue]
The road is in better repair here than anywhere else in the city. Funny how 
that works. The homes here are set back considerably from the street. Little
signs denoting various private security organizations indicate that not all 
are welcome here.
A cottage is here.
Obvious exits: west, northeast.
> w
w
[Park Avenue]
A multitude of trees shade the yards of the large wooden homes along this
section of Park Avenue. In the few spots the trees fail to shade, butterflys
and bees hover over the patches of flowers growing in the yards. 
Obvious exits: east, southwest.
> sw
sw
[Park Avenue]
Long drives lined with Mirmach trees snake between the venerable buildings and
graceful homes of the aristocracy. Servants gossip as they work, and old 
gardeners lovingly bed down the well-manicured yards.
Obvious exits: north, west, northeast.
> w
w
[Park Avenue]
Large townhomes, with small beautiful yards, line the avenue. Large oak trees
shade passersby as they make their way along the avenue. A pair of squirrels
chatter noisely at you as you pass close to one of the trees.
Obvious exits: east, west.
> w
w
[Park Avenue]
The road begins to slop up a green hill, from the top of which you can
overlook the fringes of a grand estate. Intricate topiary of verdant serpents.
heroes, and beasts grace the landscape. A lilac edged path winds off to the
east.
Obvious exits: east, southwest.
> sw
sw
[Park Avenue]
The avenue narrows as it proceeds through the estate. A crystal fountain 
stands by the side of the road, depicting a beautiful nymph spitting water 
into a pool.
Obvious exits: east, west, southwest.
> w
w
[Hardwood Avenue]
Hardwood Avenue is one of the most exclusive neighborhoods in all of Fayd. 
Large brick walls and guarded gateways help ensure the privacy of the nobles
who make their home here. The wealth displayed by the elaborate estates is
breath taking. The avenue upon which you travel is made of yellowish bricks
but you feel confident that if the residents of this neighborhood chose to,
they could pave the avenue with bricks of solid gold.
To the west, Hardwood Avenue continues and to the east, Hardwood intersects
Park.
Obvious exits: east, west.
> w
w
[Hardwood Avenue]
As you continue to move along Hardwood Avenue, a particulary old mansion 
reminds you of the rumors you have heard of several of the large estates
being haunted in this section of the city. Some of the ancient beautiful 
estates along the avenue predate even the cataclysm and if spirits prefer
to dwell in any section of town, this is probably it.
Obvious exits: east, west.
> w
w
[Hardwood Avenue]
A feud seems to have broken out between the estates on the north side of
Hardwood Avenue and the estates on the south side of the avenue. The feud, 
as far as you can tell, is over which side of the avenue can build the tall-
est structure. As you travel along the avenue you are witness to a progres-
sion of taller and taller towers. The tallest of the spires is still in
mid-construction.  Somewhat shorter but no less elaborate homes can be seen
to the east and the west as Hardwood Avenue continues.
Obvious exits: east, west.
> w
w
[Hardwood Avenue]
Hardwood Avenue stretches out beofre you to the east and west. The beautiful
estates are kept mostly private from the general population of Fayd. Guarded
gateways and large walls help ensure the privacy of the nobles who live here.
To the north, Manor Row with it's beautiful homes looks somewhat less 
unfriendly.
Obvious exits: north, east, west.
> w
w
[Hardwood Avenue]
The family crest attached to one of the gates has been painted brightly to
display the coat of arms of a noble family. 
Taking a step closer to examine it, you see that it portrays a golden knight
doing battle with a large winged serpent.
A crest displaying a coat of arms is here.
Obvious exits: east, west.
> w
w
[Hardwood Avenue]
Many nobles of the Royal Court make their home here. Large iron gates and 
brick walls seperate the immaculate estates from the yellow brick avenue 
upon which you travel. Personal guards, each wearing colors of the various
noble houses, watch you closely from behind the gates.
To the east, the estates along the avenue continue and to the west, you see
a large statue beofre the city wall. 
Obvious exits: east, west.
> w
w
[Hardwood Avenue]
It is too dark to see anything.
Obvious exits: east.
> e
e
[Hardwood Avenue]
Many nobles of the Royal Court make their home here. Large iron gates and 
brick walls seperate the immaculate estates from the yellow brick avenue 
upon which you travel. Personal guards, each wearing colors of the various
noble houses, watch you closely from behind the gates.
To the east, the estates along the avenue continue and to the west, you see
a large statue beofre the city wall. 
Obvious exits: east, west.
> e
e
[Hardwood Avenue]
The family crest attached to one of the gates has been painted brightly to
display the coat of arms of a noble family. 
Taking a step closer to examine it, you see that it portrays a golden knight
doing battle with a large winged serpent.
A crest displaying a coat of arms is here.
Obvious exits: east, west.
> e
e
[Hardwood Avenue]
Hardwood Avenue stretches out beofre you to the east and west. The beautiful
estates are kept mostly private from the general population of Fayd. Guarded
gateways and large walls help ensure the privacy of the nobles who live here.
To the north, Manor Row with it's beautiful homes looks somewhat less 
unfriendly.
Obvious exits: north, east, west.
> e
e
[Hardwood Avenue]
A feud seems to have broken out between the estates on the north side of
Hardwood Avenue and the estates on the south side of the avenue. The feud, 
as far as you can tell, is over which side of the avenue can build the tall-
est structure. As you travel along the avenue you are witness to a progres-
sion of taller and taller towers. The tallest of the spires is still in
mid-construction.  Somewhat shorter but no less elaborate homes can be seen
to the east and the west as Hardwood Avenue continues.
Obvious exits: east, west.
> e
e
[Hardwood Avenue]
As you continue to move along Hardwood Avenue, a particulary old mansion 
reminds you of the rumors you have heard of several of the large estates
being haunted in this section of the city. Some of the ancient beautiful 
estates along the avenue predate even the cataclysm and if spirits prefer
to dwell in any section of town, this is probably it.
Obvious exits: east, west.
> e
e
[Hardwood Avenue]
Hardwood Avenue is one of the most exclusive neighborhoods in all of Fayd. 
Large brick walls and guarded gateways help ensure the privacy of the nobles
who make their home here. The wealth displayed by the elaborate estates is
breath taking. The avenue upon which you travel is made of yellowish bricks
but you feel confident that if the residents of this neighborhood chose to,
they could pave the avenue with bricks of solid gold.
To the west, Hardwood Avenue continues and to the east, Hardwood intersects
Park.
Obvious exits: east, west.
> e
e
[Park Avenue]
The avenue narrows as it proceeds through the estate. A crystal fountain 
stands by the side of the road, depicting a beautiful nymph spitting water 
into a pool.
Obvious exits: east, west, southwest.
> sw
sw
[Park Avenue]
Lovely homes, seperated from the avenue by well-groomed yards, give this 
section of Park Avenue a cheerful atmosphere. Neighborhood cats prawl the
white-picket fences which seperate the yards. To the southwest, a large
mansion can be seen and past that, the Royal Palace itself is visible.
Obvious exits: northeast, southwest.
> sw
sw
[Park Avenue]
A huge mansion stands before you. Huge white pillars support a roof over the 
breezeway encircling the entire structure. Wide steps lead up to this veranda
and the front door. Strangely, the door is unguarded. From inside come the 
sounds of revelry.
Obvious exits: west, northeast.
> w
w
[Park Avenue]
Obvious exits: east, southwest.
> sw
sw
[Park Avenue]
The previous end to Park Avenue, the old gate has been reworked into a stone
arch that leads south into the newly constructed Kentaur Courtyard.  Palatial
government buildings dominate this section of Park Avenue. The small army of
bureaucrats and minor nobles who keep the city running work here. These newer
buildings are marvels of post-cataclysmic architecture, with spiring marble
columns and large beautiful windows. Tall healthy elm trees line the avenue
at precisely measured intervals.  Recessed into the wall to the left of the
arch is a large polished mirmach door with a stylized desert rose artfully
engraved into its surface.
Obvious exits: south, northeast.
> s
s
[Kentauras Courtyard]
The very end of Park Avenue, this circular courtyard is surrounded by
imposing stone walls with a gate at the south end.  The gate is flanked
by two pairs of extremely vigilant royal guards.  Through the gate, the
gardens of the palace can be seen.
Obvious exits: north.
> psi 14
prpo 2si 14
You concentrate...
[Success: 95%, Roll 26] Success!
You prepare your mind to project Teleportation.
> 
pro 2

Taliesin phases in.
> You concentrate.
[Success: 95%, Roll 18] Success!
You phase out of your current location and phase in elsewhere...
This is here because I am trying to tack on THIS (wooden) Adjective[Bazaar
Center]
The center of the bazaar bustles with activity. From the sizzle of roast 
mutton on spits, to the cries of hawkers there is almost too much for the 
senses to absorb. Apart from the interruption of merchants offering you their
wares, one might spend an enjoyable afternoon here. Many street performers, 
from jugglers to minstrels, amuse the crowds gathered near a large marble 
fountain.
A wooden bin is here.
Obvious exits: north, south, east, west, northeast, northwest, southeast,
southwest.
 [Round: 2 sec]
R> nw
nw
[Bazaar Northwest]
Grand Avenue, leaving behind its suburban flower boxes, winds into the bazaar
from the north, fetching you up by the cracked dome-shaped structure
previously owned by CyberTech, Ltd. In their labor to recover those arts
known to humankind before the Cataclysm, expert craft technological implants
to improve or replace natural parts of the anatomy for those who can afford
them. An opening in the remains of the building allows entry.
Obvious exits: north, south, east, southeast.
> n
n
[Grand Avenue]
Going north on Grand will put you into an area one of Fayd's many business 
neighborhoods, where small shops and a few residences are located. South is 
the Bazaar the focal point of city life.                                    
Obvious exits: north, south.
> n
n
[Grand Avenue]
Obvious exits: north, south.
> n
n
[Grand Avenue & First]
An ultra modern shimmering steel building faces the intersection of Grand 
Avenue and First Street from the west. Above its metal door an inscription 
indicates the structure to be Technologists Hall.
Obvious exits: north, south, west.
> w
w
[First Street]
Obvious exits: east, west.
> w
w
w[First Street]
In a small one room building under the shade of a huge old tree, the town 
cobbler carries on his trade. An open door indicates he is open for business 
today.
Obvious exits: east, west.
> 
w
[First Street]
Obvious exits: south, east, west.
> w
w
[First Street]
An unusual pink granite structure sits here, flanked by starkly 
attractive mayten trees. You stop to look at the reflections of 
passerby in its revolving glass door. Across the street, a 
massive, red granite tower thrusts into the Faydian skyline.
A carvings of an eagle in flight is here.
Obvious exits: east, west.
> w
w
[First Street]
Loud noises come from the decaying brick buildings on this block. Encased in 
the windowless interiors, laborers work for their daily pittance. Most of the
people who work in these factories can only afford to live in the poor 
quarter. A sign above an iron door indicates the presence of the Bowyer 
Fletcher Shop.
Obvious exits: east, west.
> w
w
[First Street]
Obvious exits: east, west.
> w
w
[Elm Street & First]
First Street butts Elm Street, which continues winding down a slope to the 
south. Standing on this hill you are blasted by salt air blowing over the city
wall from the eastern waste.
Obvious exits: north, south, east, west.
> w
w
[First Street Extension]
Obvious exits: east, west.
> w
w
[First Street Extension]
Obvious exits: east, southwest.
> sw
sw
[First Street Extension]
Obvious exits: northeast, southwest.
> sw
sw
[First Street Extension]
Obvious exits: west, northeast.
> w
w
[First Street Extension]
Obvious exits: east, west.
> w
w
[First Street Extension]
Obvious exits: east, southwest.
> sw
sw
[First Street Extension]
Obvious exits: west, northeast.
> w
w
[First Street Extension]
Obvious exits: east.
> 