              .--,               .------------------------,          CLIMB THE
              |  |       GO      |  The Teeth of Shartan  |          TRAIL HERE
              `--'     BRIDGE    |      Page 1 of 2       |          TO REACH
             /    \   ---><---   `------------------------'          THE VALLEY
         .--,      .--, .--, .--,                               .--, .--,
         |  |      |  | |B1| |  |                      GO       |  |-|T1|
         `--'      `--' `--' `--'                    BRIDGE     `--' `--'
             \    / <-GO----GO-> \                  ---><---   /         \
              .--,  BOULD  LEDGE  .--, .--, .--, .--, .--, .--,           .--,
              |  |                |  |-|  |-|  |-|  | |B2| |  |           |  |
              `--'                `--' `--' `--' `--' `--' `--'           `--'
        .----------,                  CLIMB       <WEST--EAST> \
        |SNOWY PEAK|                  LADDER                    .--,
        `----------'                   .--,                     |  |
                                       |  |                     `--'
                                       `--'
                                      CLIMB          .------------------------,
                                      LADDER         | Top of the Ladder      |
                                       .--,          `------------------------'
                                       |  |          .------------------------,
                                       `--'          | B1 = PAEGAR BRIDGE     |
                                      CLIMB          |                        |
                                      LADDER         | B2 = PADIMA BRIDGE     |
                                       .--, .--,     |                        |
                                       |  |-|  |     | T1 = TRAIL leading     |
                                       `--' `--'     |        further into    |
                          CLIMB THE LADDER           |        the Teeth of    |
                          TO REACH THE               |        Shartan         |
                          MOUNTAIN TRAIL             |        (T2 on page 2)  |
                          NORTH OF FAYD              `------------------------'
        ========================================================================
        .------------------------,          .--,--UP->.--, GO DOWN THE
        |  The Lakeside Area     |          |FS|<DOWN-|  | RAMP HERE TO
        `------------------------'          `--'      `--' ENTER THE
        .------------------------,       CLIMB  \          STABLE IN
        | BS = BASE OF THE FANG  |      CREVICE  .--,      THE HALLS OF
        |       OF SHARTAN       |          .--, |LL|      MIRDAAL.
        |                        |          |  | `--'
        | CL = CLIFF FACE        |          `--'
        |                        |          CLIMB
        | DT = DAM TOP           |          FACE
        |        DOWN leads to   |          .--,
        |       the Dam Base     |          |BS|      .--,  GO  .--,
        |        (DB on Page 2)  |          `--'      |  |BRIDGE|PI|
        |                        |          CLIMB     `--'      `--'
        | FS = FANG OF SHARTAN   |          SLOPE    / ~~~~~~~ /
        |                        |     .--, .--, .--, ~~~~ .--,
        | LL = LOVER'S LEAP      |     |  |-|  |-|CL| ~~~~ |  |
        |                        |     `--' `--' `--' ~~~~ `--'
        | PI = PICNIC AREA       |    / ~~~~~~~~~~~~~~~~~~  |
        `------------------------'.--, ~~~~~~~~~~~~~~~~~~~ .--,
                                  |  | ~~~~ THE ~~~~~~~~~~ |  |
                                  `--' ~~~~~~~~~~~~~~~~~~~ `--'
                                      \ ~~~ LAKE ~~~~~~~~ /
                                       \ ~~~~~~~~~~~~~~~ /     SPEAKING THE
                                        \ ~~~~~~~~ _____/      INCANTATION
                                         \ ~~~~~~ /            'MIRDAAL FATHA'
                                          \ ~~~~ /             AT CL WILL ALLOW
                                           \ ~~ /              PASSAGE INTO THE
                                            .--,               FABLED HALLS OF
                                            |DT|               MIRDAAL.
                                            `--'
                                           DOWN TO
                                           DAM BASE


        .------------------------,
        |  The Teeth of Shartan  |
        |      Page 2 of 2       |          UP TO
        `------------------------'         DAM TOP
                                       ~~~~ .--,
                                    ~~~~~~~ |DB|
                             GO        GO   `--'
                            BRIDGE    BRIDGE |
                        .--,----->.--,<-----.--,
                        |  |      |B3|      |HE|
                        `--'<WEST-`--'-EAST>`--'
                       /                     |
                   .--,     ~~~~~~~~~~~~~   .--,
                   |  |     ~~~~~~~~~~~~~   |  |
                   `--'     ~~~~~~~~~~~     `--'
                    |      ~~~~~~~~~~~~    /
                   .--,    ~~~~~~~~~~~ .--,
                   |  |   ~~~~~~~~~~~~ |  |
        .---------,`--'   ~~~~~~~~~~   `--'
        |LANDSLIDE| |  \   ~~~~~~~~~  /   GO
        `---------'.--, .--, ~~~~ .--,    OPENING
                   |  |-|  | ~~~~ |  | .--,
                   `--' `--' ~~~~ `--' |  |                .--,
                            \ ~~~~~~~  `--'                |  |
              .--, .--,GO    .--, ~~~~     \               `--'
              |  | |  |TRACK |  | ~~~~~~~   \             /
              `--' `--'  ~~~~`--' ~~~~~~~    \        .--,
               |  /      ~~~~~~~~~~~~~~~~     \       |  |
              .--,      ~~~~~~~~~~~~~~~~       \      `--'
              |  |      ~~~~~~~~~~~~~~~         \    /
              `--'.------, ~~~~~~~~~~~~          .--, .------,
             / |  |UQUART| ~~~~~~~~~~~           |  | |CAVERN|
         .--, .--,|GROVE | ~~~~~~~~~             `--' `------'
         |  |-|  |`------' ~~~~~~~~~            /
         `--' `--'      ~~~~~~~~~~~~~       .--,     .------------------------,
                  \      ~~~~~~~~~~~~       |  |     |    The River Valley    |
                   .--,  ~~~~~~~~~~~~~      `--'     `------------------------'
                   |  |   ~~~~~~~~~~~~~      GO      .------------------------,
                   `--'     ~~~~~~~~~~~    CREVICE   | AC = AVALANCHE CHUTE   |
                    |        ~~~~~~~~~~     .--,     |                        |
         .------,  .--,      ~~~~~~~~~      |  |     | B3 = UQUART BRIDGE     |
         |VALLEY|  |  |        JUMP         `--'     |                        |
         `------'  `--'       BOULDER         CLIMB  | DB = DAM BASE          |
                    |        .--, .--,        PILE   |        UP leads to the |
                   .--,<DOWN-|  | |  |-DOWN>.--,     |        Dam Top         |
                   |  |----->`--' `--'<-----|AC|     |        (DT on Page 1)  |
                   `--'CLIMB           CLIMB`--'     |                        |
                  /    BOULDER ~~~~~~  BOULDER       | HE = OLD STONE HEARTH  |
              .--,             ~~~~~~                |                        |
              |  |            ~~~~~~~~               | PB = PENETINE BLOSSOMS |
              `--'           ~~~~~~~~~~              |                        |
             /               ~~~~~~~~~~              | T2 = TRAIL leading     |
         .--,                                        |        to the ledge    |
         |PB|                                        |        east of the     |
         `--'                .--,                    |        Padima Bridge   |
          |        .--,--UP->|T2|                    |        (T1 on page 1)  |
         .--,--UP->|  |<DOWN-`--'                    `------------------------'
         |  |<DOWN-`--'
         `--'







        .--------------------,
        |The Halls of Mirdaal|
        `--------------------'

        .-------------------------,
        | AL = Alchemist's Chamber|              THE RAMP WHEN       .--,
        | AV = Aviary             |              LOWERED LEADS ----> |ST|
        | BH = Banquet Hall       |              UP TO THE TOP       `--'
        | CR = Council Room       |              OF THE FANG        CLIMB
        | EN = Entrance           |              OF SHARTAN         LADDER
        | GA = Garden             |                                  .--,
        | GH = Great Hall         |                                  |  |
        | GP = Gate Post          |                                  `--'
        | GR = Guard Room         |                                 UP^vDN
        | IN = Table with Inkwell |                                  .--,
        | KI = Kitchen            |                                  |  |
        | LA = Staircase Landing  |                                  `--'
        | LH = Long Hall          |                                 UP^vDN
        | LI = Library            |                                  .--,
        | PO = Fish Pond          |         .--,      .--,           |  |
        | RS = Rockslide          |         |AV|      |PO|           `--'
        | S  = Study              |         `--'      `--'          UP^vDN
        | SC = Scribes            |             \    /          .--, .--,
        | SR = Store Room         |              .--,           |LA|-|IN|
        | ST = Stable             |              |TR|           `--' `--' .---,
        | SV = Specimen Vault     |              `--'          UP^vDN     |W S|
        | TR = Silver Tree        |               |             .--,      |I T|
        | WC = Wine Cellar        |    .--,  GO  .--,           |  |      |N A|
        `-------------------------'    |CR| DOOR |GA|           `--'      |D I|
                                       `--'      `--'          UP^vDN     |I R|
                                        |                       .--,      |N C|
                   .--, CLIMB.--, .--, .--, .--, .--,           |  |      |G A|
                   |WC| STAIR|KI|-|BH|-|GH| |S |-|SC|           `--'      |  S|
                   `--'      `--' `--' `--' `--' `--'          UP^vDN     |  E|
                                        |    |    |             .--,      `---'
                                  .--, .--, .--, .--,           |  |
                                  |AL|-|  |-|LI| |SV|           `--'
                                  `--' `--' `--' `--'            GO
                                        |                       DOOR
                                  .--, .--, .--, .--, .--, .--, .--,
                                  |RS|-|  |-|  |-|  |-|  |-|LH|-|GR|
                                  `--' `--' `--' `--' `--' `--' `--'
                                        |                        GO
                                  .--, .--, .--,               CURTAIN
                                  |GP|-|  |-|GP|                .--,
                                  `--' `--' `--'                |SR|  
                                        |                       `--'
                                       .--,
                                       |EN|
                                       `--'
                                 OUT LEADS TO THE
                                 CLIFF FACE ALONG
                               THE LAKESIDE ROAD IN
                               THE TEETH OF SHARTAN












