          .--------------------,
          | The Wasteland and  |                                           .--,
          | the Hidden Village |             .--, GO 1 .--, GO 2 .--,      |PR|
          |                    |             |MR| DOOR |  | DOOR |CQ|      `--'
          | Charted by A Smith |             `--'      |  |      `--'      GO 2
          |       1015         |                       |TR|                DOOR
          `--------------------'             .--,      |  |      .--,      .--,
                                             |DC| GO 3 |  | GO 4 |SH|  GO  |GR|
                                             `--' DOOR `--' DOOR `--' RAMP `--'
                      GO PATH TO                        GO                 GO 1
                      REACH THE                        RAMP                DOOR
                      ROAD AT THE                      .--,  .----------,  .--,
                      TOP OF THE       GO HOLE         |  |  | Shaltos' |  |AR|
                      INNER SEA        TO REACH        `--'  | Shrine   |  `--'
                      STAIRWAY    .--, THE GOLDEN       |    `----------'  GO 2
               .--,      .--,     |DU| VALLEY MALL     .--,                DOOR
               |OA|      |DU|CLIMB`--'                 |  |                .--,
               `--'      `--'TRACK                     `--'                |TV|
              / |  \    UP^vDN                          GO                 `--'
          .--,  |   .--, .--, .--, .--,                HOLE
          |MO|  |   |SF|-|DW|-|CL|-|BC|                .--,
          `--'  |   `--' `--' `--' `--'                |ST|
              \ |  /      GO        GO                 `--'
               .--,      HOLE      OPEN                 |
               |HT|       TO       .--, .--,  GO  .--, .--, .--,
               `--'      MALL      |DR|-|  | GATE |  |-|WL|-|AL|
                                   `--' `--'      `--' `--' `--'
          .---------------,                             |     .----------------,
          | The Wasteland |                  .--,      .--,   | Hidden Village |
          `---------------'                  |HU|  GO  |  |   `----------------'
                                             `--' DOOR `--'


          ** NOTE: All the locked doors and gates
                   may be opened with the mystic
                   key spell.

        AL = Alley                               HT = Hanging Tree
        AR = Altar Room                          MO = Mound
             (PUSH STATUE: Opens Secret Door)    MR = Meditation Room
        BC = Box Canyon                          OA = Oasis
             (SEARCH: Find Opening)              PR = Prison Cell
        CL = Cliffs                              SF = Salt Flat
        CQ = Commander's Quarters                SH = Shrine to Shaltos
        DC = Deuling Chamber                     ST = Statue
        DR = Dry Reservoir                            (PUSH: Reveals Hole)
        DU = Dune                                TR = Training Room
        DW = Dry Wash                            TV = Treasure Vault
        GR = Guard Room                          WL = Well
        HU = Hut
















        .-------------------------,                          |
        | The Golden Valley Mall  |                          |
        |      Page 1 of 2        |          .--,            |
        |                         |          |  |            |
        |   Charted by A Smith    |          `--'            |
        |         1016            |           |  \           |
        `-------------------------'          .--, .--,       |
                                             |DS|-|  |       |
                   GO HOLE TO                `--' `--'       |
                   REACH THE       .--,     /    \ |         |
                   DUNE IN   .--,  |  | .--,      .--,       |       CLIMB
                   WASTELAND |  |  `--' |  |      |  |       |       STAIR
                             `--'   GO  `--'      `--'       |       TO REACH
                               CS  GATE/    \                |       SUBLEVEL 1
        .-------------,  .--,  LC  .--,      .--,            |             .--,
        | Upper Floor |  |  |  IU  |  |      |PD|            |             |  |
        `-------------'  `--'  ML  `--'      `--'            |             `--'
                             \ BP /    JUMP                  |              GO
                              .--, .--,CHAIN>.--, CLIMB      |             DOOR
                              |  |-|  |      |EL| CHAIN      |             .--,
                              `--' `--'<-JUMP`--' DOWN TO    |             |  |
                   GO GAP    /    \    OPENING    LOWER      |             `--'
          .--, .--,<-----.--,      .--,           LEVEL      |              GO
          |  |-|  |      |  |      |  |                      |             CREV
          `--' `--'-OUT->`--'      `--'          =============        .--, .--,
              /                        \         |                    |DS|-|  |
          .--,<----.          .--,      .--,     |                    `--' `--'
          |  |<-.   \         |  |  GO  |  |     |                  GO    \ |
          `--'   \  |         `--' HOLE `--'     |     .--,        DOOR    .--,
          DN v   |  UP                   GO      |     |  |      .--,      |  |
          .--,   | .--,                 STORE    |     `--'      |  |      `--'
          |  |---+-|  |                 .--,     |        GO     `--'
          `--'   | `--'                 |  |     |       ROOM   /
              \  |                      `--'     |          .--,
              |  |                ================          |  |
              |  ^                |                         `--'
              \  |                |               .--,     /   GO
               .--,               |               |  | .--,   DOOR
               |  |               |               `--' |  |      .--,
               `--'               |                GO  `--'      |  |
                                  |               GATE/          `--'
        ==========================|     .--,      .--,
                                  |     |  |      |  |                    CLIMB
        DS = Department Store     |     `--'      `--'                    CHAIN
        EL = Elevator             |         \    /                        UP TO
        FO = Fountain             |          .--, .--,  GO  .--,  GO  .--,UPPER
        PD = Paper Dispenser      |          |FO|-|  | DOOR |EL| TRAP |  |LEVEL
                                  |          `--' `--'      `--' DOOR `--'
                                  |         /    \
                                  |     .--,      .--,          .--------------,
                                  |     |  |      |  |          | Ground Floor |
                                  |     `--'      `--'          `--------------'
                                  |             GO    \
                                  |            GATE    .--,  GO  .--,
                                  |         .--,       |  | DOOR |  |
                                  |         |  |<--    `--'      `--'
                                  |         `--'   \__/ GO
                                  |                    ARCH
                                  |                    .--,
                                  |                    |  |
                                  |                    `--'





          .--,          .-------------------------,   CLIMB STAIR.--,
          |UR|          | The Golden Valley Mall  |   TO GROUND  |ST|
          `--'          |      Page 2 of 2        |   FLOOR      `--'
           | GO         |                         |               GO
           v OPEN       |   Charted by A Smith    |              DOOR
           ^            |         1016            |              .--,
           | NORTH      `-------------------------'              |  |
          .--,     .-------------,     |                         `--'
          |  |     | Ventilation |     |                        /
          `--'     | Ducts       |     |                    .--,
           |       `-------------'     |                    |  |
          .--, .--, .--,               |                    `--'
          |  | |  |-|SB|               |                   /
          `--' `--' `--'               |
           |    |    |                 |     .--, GO 1 .--, GO 2 .--,
          .--, .--, .--,                     |  | DOOR |  | DOOR |JC|
          |  |-|  |-|  |             CLIMB-->`--'      `--'      `--'
          `--' `--' `--'      .--,<--LADDER           /
                |             |  |                .--,     .------------,
               .--,           `--'     |          |  |     | Sublevel 1 |
               |  |            GO      |          `--'     `------------'
               `--'           DOOR     -----------------------------------------
          SOUTH |             .--,
                v             |  |
           GO   ^             `--'
          OPEN  |              |                 CL = Combination Lock
               .--,           .--,      .--,     CR = Console Room
               |  | GO 1 DOOR |  | GO 2 |UR|     JC = Janitor's Closet
               `--'           `--' DOOR `--'     SB = Switch Box
                               |                 ST = Stairway to Ground Level
                              .--,               TA = Table
          .------------,      |  |               TR = Smashed Terminal
          | Sublevel 2 |      `--'               UR = Utility Room
          `------------'       |                 WD = Windowed Door
                              .--,
                              |CL|
                              `--'
                               GO
                              DOOR
                              .--,      .--,
                              |  |      |WD|
                              `--'      `--'
                               |       /    \
                              .--, .--,      .--,
                              |  | |  |      |  |
                              `--' `--'      `--'
                               |  /              \
                              .--,                .--,
                              |CR|                |TA|
                              `--'                `--'
                                  \              /
                                   .--,      .--,
                                   |  |      |  |
                                   `--'      `--'
                                       \    /
                                        .--,
                                        |TR|
                                        `--'








